{
"module":{
  "ident":"import-ee2",
  "revision":{
    "rev-date":"0"},
  "definitions":[
    {
      "ident":"z",
      "leaf":{
        "ident":"z",
        "type":{
          "ident":"string"}}}]}}